C51 COMPILER V9.02   FAHRPROGRAMM                                                          11/03/2010 23:28:07 PAGE 1   


C51 COMPILER V9.02, COMPILATION OF MODULE FAHRPROGRAMM
OBJECT MODULE PLACED IN fahrprogramm.obj
COMPILER INVOKED BY: C:\Keil\C51\BIN\C51.EXE src\modules\fahrprogramm.c LARGE BROWSE DEBUG OBJECTEXTEND PRINT(.\fahrprog
                    -ramm.lst) OBJECT(fahrprogramm.obj)

line level    source

   1          /*
   2          int fahrprogramm_init(void);
   3          int fahrprogramm_release(void);
   4          int fahrprogramm_work(void);
   5          
   6          struct module fahrprogramm_module = 
   7          {
   8                  .name           = "fahrprogramm",
   9                  .init           = fahrprogramm_init,
  10                  .release        = fahrprogramm_release,
  11                  .work           = fahrprogramm_work,
  12          };
  13          
  14          struct bus_driver *i2c_driver = NULL;
  15          
  16          int fahrprogramm_init(void)
  17          {
  18                  i2c_driver = require_driver(I2C_DRIVER);
  19          
  20                  return 0;
  21          }
  22          
  23          int fahrprogramm_release(void)
  24          {
  25                  release_driver(I2C_DRIVER);
  26          
  27                  return 0;
  28          }
  29          
  30          int fahrprogramm_work(void)
  31          {
  32                  uint8_t content[] = { 0x1, 0x3, 0x3, 0x7 };
  33                  i2c_driver->send(content, 4);
  34          }
  35          
  36          */


MODULE INFORMATION:   STATIC OVERLAYABLE
   CODE SIZE        =   ----    ----
   CONSTANT SIZE    =   ----    ----
   XDATA SIZE       =   ----    ----
   PDATA SIZE       =   ----    ----
   DATA SIZE        =   ----    ----
   IDATA SIZE       =   ----    ----
   BIT SIZE         =   ----    ----
END OF MODULE INFORMATION.


C51 COMPILATION COMPLETE.  0 WARNING(S),  0 ERROR(S)
