C51 COMPILER V9.02   UTIL                                                                  11/09/2010 14:22:56 PAGE 1   


C51 COMPILER V9.02, COMPILATION OF MODULE UTIL
OBJECT MODULE PLACED IN util.obj
COMPILER INVOKED BY: C:\Keil\C51\BIN\C51.EXE src\common\util.c LARGE BROWSE DEBUG OBJECTEXTEND PRINT(.\util.lst) OBJECT(
                    -util.obj)

line level    source

   1          /** @brief: Utilities
   2          */
   3               
   4          #include <REG515C.H>
   5          #include "util.h"
   6          uint8_t restore_EAL;
   7          
   8          void restore_enable_interrupts()
   9          {
  10   1          EAL = restore_EAL;
  11   1      }                  
  12          
  13          void enable_interrupts(bool enable)
  14          {
  15   1          restore_EAL = EAL;
  16   1              EAL = enable;
  17   1      }
  18          
  19          void udelay(uint32_t usecs)
  20          {
  21   1              /* FIXME */
  22   1      }
*** WARNING C280 IN LINE 19 OF SRC\COMMON\UTIL.C: 'usecs': unreferenced local variable
  23          
  24          
  25          void mdelay(uint32_t msecs)
  26          {
  27   1              /* FIXME */
  28   1      }
*** WARNING C280 IN LINE 25 OF SRC\COMMON\UTIL.C: 'msecs': unreferenced local variable


MODULE INFORMATION:   STATIC OVERLAYABLE
   CODE SIZE        =     35    ----
   CONSTANT SIZE    =   ----    ----
   XDATA SIZE       =      1       8
   PDATA SIZE       =   ----    ----
   DATA SIZE        =   ----    ----
   IDATA SIZE       =   ----    ----
   BIT SIZE         =   ----    ----
END OF MODULE INFORMATION.


C51 COMPILATION COMPLETE.  2 WARNING(S),  0 ERROR(S)
